<!doctype html><html><head><meta http-equiv="Content-Type" content="text/html;charset=gb2312"><title>锟劫讹拷一锟铰ｏ拷锟斤拷锟斤拷知锟斤拷      </title><style>html{overflow-y:auto}body{font:12px arial;text-align:center;background:#fff}body,p,form,ul,li{margin:0;padding:0;list-style:none}body,form,#fm{position:relative}td{text-align:left}img{border:0}a{color:#00c}a:active{color:#f60}#u{padding:7px 10px 3px 0;text-align:right}#m{width:680px;margin:0 auto}#nv{font-size:16px;margin:0 0 4px;text-align:left;text-indent:117px}#nv a,#nv b,.btn,#lk{font-size:14px}#fm{padding-left:90px;text-align:left}#kw{width:404px;height:22px;padding:4px 7px;padding:6px 7px 2px\9;font:16px arial;background:url(http://www.baidu.com/img/i-1.0.0.png) no-repeat -304px 0;_background-attachment:fixed;border:1px solid #cdcdcd;border-color:#9a9a9a #cdcdcd #cdcdcd #9a9a9a;vertical-align:top}.btn{width:95px;height:32px;padding:0;padding-top:2px\9;border:0;background:#ddd url(http://www.baidu.com/img/i-1.0.0.png) no-repeat;cursor:pointer}.btn_h{background-position:-100px 0}#kw,.btn_wr{margin:0 5px 0 0}.btn_wr{width:97px;height:34px;display:inline-block;background:url(http://www.baidu.com/img/i-1.0.0.png) no-repeat -202px 0;_top:1px;*position:relative}#lk{margin:33px 0}#lk span{font:14px "锟斤拷锟斤拷"}#lm{height:60px}#lh{margin:16px 0 5px;word-spacing:3px}.tools{position:absolute;top:-4px;*top:10px;right:-13px;}#mHolder{width:62px;position:relative;z-index:296;display:none}#mCon{height:18px;line-height:18px;position:absolute;cursor:pointer;padding:0 18px 0 0;background:url(http://www.baidu.com/img/bg-1.0.0.gif) no-repeat right -134px;background-position:right -136px\9}#mCon span{color:#00c;cursor:default;display:block}#mCon .hw{text-decoration:underline;cursor:pointer}#mMenu{width:56px;border:1px solid #9a99ff;list-style:none;position:absolute;right:7px;top:28px;display:none;background:#fff}#mMenu a{width:100%;height:100%;display:block;line-height:22px;text-indent:6px;text-decoration:none}#mMenu a:hover{background:#d9e1f6}#mMenu .ln{height:1px;background:#ccf;overflow:hidden;margin:2px;font-size:1px;line-height:1px}#cp,#cp a{color:#77c}#seth{display:none;behavior:url(#default#homepage)}#setf{display:none}</style>
</head>

<body><div id="u"><a href="http://www.baidu.com/gaoji/preferences.html" name="tj_setting">锟斤拷锟斤拷锟斤拷锟斤拷</a>&nbsp;|&nbsp;<a href="http://passport.baidu.com/?login&tpl=mn" name="tj_login">锟斤拷录</a></div>
<div id="m"><p id="lg"><img src="http://www.baidu.com/img/baidu_sylogo1.gif" width="270" height="129" usemap="#mp"><map name="mp"><area shape="rect" coords="40,25,230,95" href="http://hi.baidu.com/baidu/" target="_blank" title="锟斤拷锟剿斤拷锟斤拷 锟劫度的空硷拷" ></map></p><p id="nv"><a href="http://news.baidu.com">锟斤拷&nbsp;锟斤拷</a>锟斤拷<b>锟斤拷&nbsp;页</b>锟斤拷<a href="http://tieba.baidu.com">锟斤拷&nbsp;锟斤拷</a>锟斤拷<a href="http://zhidao.baidu.com">知&nbsp;锟斤拷</a>锟斤拷<a href="http://mp3.baidu.com">MP3</a>锟斤拷<a href="http://image.baidu.com">图&nbsp;片</a>锟斤拷<a href="http://video.baidu.com">锟斤拷&nbsp;频</a>锟斤拷<a href="http://map.baidu.com">锟斤拷&nbsp;图</a></p><div id="fm"><form name="f" action="/s"><input type="text" name="wd" id="kw" maxlength="100"><input type="hidden" name="rsv_bp" value="0"><input type="hidden" name="rsv_spt" value="3"><span class="btn_wr"><input type="submit" value="锟劫讹拷一锟斤拷" id="su" class="btn" onmousedown="this.className='btn btn_h'" onmouseout="this.className='btn'"></span></form><span class="tools"><span id="mHolder"><div id="mCon"><span>锟斤拷锟诫法</span></div></span></span><ul id="mMenu"><li><a href="#" name="ime_hw">锟斤拷写</a></li><li><a href="#" name="ime_py">拼锟斤拷</a></li><li class="ln"></li><li><a href="#" name="ime_cl">锟截憋拷</a></li></ul></div>
<p id="lk"><a href="http://hi.baidu.com">锟秸硷拷</a>锟斤拷<a href="http://baike.baidu.com">锟劫匡拷</a>锟斤拷<a href="http://www.hao123.com">hao123</a><span> | <a href="/more/">锟斤拷锟斤拷&gt;&gt;</a></span></p><p id="lm"></p><p><a id="seth" onClick="this.setHomePage('http://www.baidu.com')" href="http://utility.baidu.com/traf/click.php?id=215&url=http://www.baidu.com" onmousedown="return ns_c({'fm':'behs','tab':'homepage','pos':0})">锟窖百讹拷锟斤拷为锟斤拷页</a><a id="setf" onClick="fa(this)" href="javascript:void(0)" onmousedown="return ns_c({'fm':'behs','tab':'favorites','pos':0})">锟窖百度硷拷锟斤拷锟秸藏硷拷</a></p>
<p id="lh"><a href="http://e.baidu.com/?refer=888">锟斤拷锟斤拷锟劫讹拷锟狡癸拷</a> | <a href="http://top.baidu.com">锟斤拷锟斤拷锟斤拷锟狡帮拷</a> | <a href="http://home.baidu.com">锟斤拷锟节百讹拷</a> | <a href="http://ir.baidu.com">About Baidu</a></p><p id="cp">&copy;2011 Baidu <a href="/duty/">使锟矫百讹拷前锟截讹拷</a> <a href="http://www.miibeian.gov.cn" target="_blank">锟斤拷ICP证030173锟斤拷</a> <img src="http://gimg.baidu.com/img/gs.gif"></p></div></body>

<script>var w=window,d=document,n=navigator,k=d.f.wd,a=d.getElementById("nv").getElementsByTagName("a"),isIE=n.userAgent.indexOf("MSIE")!=-1&&!window.opera;for(var i=0;i<a.length;i++){a[i].onclick=function(){if(k.value.length>0){var C=this,A=C.href,B=encodeURIComponent(k.value);if(A.indexOf("q=")!=-1){C.href=A.replace(/q=[^&\x24]*/,"q="+B)}else{this.href+="?q="+B}}}}(function(){if(/q=([^&]+)/.test(location.search)){k.value=decodeURIComponent(RegExp["\x241"])}})();if(n.cookieEnabled&&!/sug?=0/.test(d.cookie)){d.write("<script src=http://www.baidu.com/js/bdsug.js?v=1.0.3.0><\/script>")}function addEV(C,B,A){if(w.attachEvent){C.attachEvent("on"+B,A)}else{if(w.addEventListener){C.addEventListener(B,A,false)}}}function G(A){return d.getElementById(A)}function ns_c(E){var F=encodeURIComponent(window.document.location.href),D="",A="",B="",C=window["BD_PS_C"+(new Date()).getTime()]=new Image();for(v in E){A=E[v];D+=v+"="+A+"&"}B="&mu="+F;C.src="http://nsclick.baidu.com/v.gif?pid=201&pj=www&"+D+"path="+F+"&t="+new Date().getTime();return true}if(/\bbdime=[12]/.test(d.cookie)){document.write("<script src=http://www.baidu.com/cache/ime/js/openime-1.0.0.js><\/script>")}(function(){var B=G("user"),A=G("userMenu");if(B&&A){addEV(B,"click",function(C){A.style.display=A.style.display=="block"?"none":"block";window.event?C.cancelBubble=true:C.stopPropagation()});addEV(document,"click",function(){A.style.display="none"})}})();(function(){var E=G("u").getElementsByTagName("a"),C=G("nv").getElementsByTagName("a"),I=G("lk").getElementsByTagName("a"),B="";var A=["news","tieba","zhidao","mp3","img","video","map"];var H=["hi","baike","hao123","more"];if(G("un")&&G("un").innerHTML!=""){B=G("un").innerHTML}function D(J){addEV(J,"mousedown",function(L){var L=L||window.event;var K=L.target||L.srcElement;ns_c({fm:"behs",tab:K.name||"tj_user",un:encodeURIComponent(B)})})}for(var F=0;F<E.length;F++){D(E[F])}for(var F=0;F<C.length;F++){C[F].name="tj_"+A[F];D(C[F])}for(var F=0;F<I.length;F++){I[F].name="tj_"+H[F];D(I[F])}})();addEV(w,"load",function(){k.focus()});w.onunload=function(){};</script>


<script type="text/javascript" src="http://www.baidu.com/cache/hps/js/hps-1.2.js"></script>

</html><!--b762345d979562e8-->